
Acer@DESKTOP-036DG4T MINGW64 ~ (master)
$ cd desktop

Acer@DESKTOP-036DG4T MINGW64 ~/desktop (master)
$ git clone https://github.com/TaynanVitor/MochilaDoViajem.git
Cloning into 'MochilaDoViajem'...
remote: Enumerating objects: 3, done.
remote: Counting objects: 100% (3/3), done.
remote: Total 3 (delta 0), reused 0 (delta 0), pack-reused 0
Receiving objects: 100% (3/3), done.

Acer@DESKTOP-036DG4T MINGW64 ~/desktop (master)
$ cd MochilaDoViajem

Acer@DESKTOP-036DG4T MINGW64 ~/desktop/MochilaDoViajem (main)
$ git init
Reinitialized existing Git repository in C:/Users/Acer/Desktop/MochilaDoViajem/.

Acer@DESKTOP-036DG4T MINGW64 ~/desktop/MochilaDoViajem (main)
$ git branch Taynan_Vitor

Acer@DESKTOP-036DG4T MINGW64 ~/desktop/MochilaDoViajem (main)
$ git checkout Taynan_Vitor
Switched to branch 'Taynan_Vitor'

Acer@DESKTOP-036DG4T MINGW64 ~/desktop/MochilaDoViajem (Taynan_Vitor)
$ mkdir git_github

Acer@DESKTOP-036DG4T MINGW64 ~/desktop/MochilaDoViajem (Taynan_Vitor)
$ cd git_github

Acer@DESKTOP-036DG4T MINGW64 ~/desktop/MochilaDoViajem/git_github (Taynan_Vitor)
$ touch git_github.txt

Acer@DESKTOP-036DG4T MINGW64 ~/desktop/MochilaDoViajem/git_github (Taynan_Vitor)
$ cd ..

Acer@DESKTOP-036DG4T MINGW64 ~/desktop/MochilaDoViajem (Taynan_Vitor)
$ git add .

Acer@DESKTOP-036DG4T MINGW64 ~/desktop/MochilaDoViajem (Taynan_Vitor)
$ git status
On branch Taynan_Vitor
Changes to be committed:
  (use "git restore --staged <file>..." to unstage)
        new file:   git_github/git_github.txt


Acer@DESKTOP-036DG4T MINGW64 ~/desktop/MochilaDoViajem (Taynan_Vitor)
$ git commit -m "Adicionei a minha primeira bagagem na mochila"
[Taynan_Vitor 7123e05] Adicionei a minha primeira bagagem na mochila
 1 file changed, 3 insertions(+)
 create mode 100644 git_github/git_github.txt

Acer@DESKTOP-036DG4T MINGW64 ~/desktop/MochilaDoViajem (Taynan_Vitor)
$ git push
fatal: The current branch Taynan_Vitor has no upstream branch.
To push the current branch and set the remote as upstream, use

    git push --set-upstream origin Taynan_Vitor


Acer@DESKTOP-036DG4T MINGW64 ~/desktop/MochilaDoViajem (Taynan_Vitor)
$ git push --set-upstream origin Taynan_Vitor

Enumerating objects: 5, done.
Counting objects: 100% (5/5), done.
Delta compression using up to 4 threads
Compressing objects: 100% (3/3), done.
Writing objects: 100% (4/4), 482 bytes | 53.00 KiB/s, done.
Total 4 (delta 0), reused 0 (delta 0), pack-reused 0
remote:
remote: Create a pull request for 'Taynan_Vitor' on GitHub by visiting:
remote:      https://github.com/TaynanVitor/MochilaDoViajem/pull/new/Taynan_Vito
remote:
To https://github.com/TaynanVitor/MochilaDoViajem.git
 * [new branch]      Taynan_Vitor -> Taynan_Vitor
Branch 'Taynan_Vitor' set up to track remote branch 'Taynan_Vitor' from 'origin'

Acer@DESKTOP-036DG4T MINGW64 ~/desktop/MochilaDoViajem (Taynan_Vitor)
$

Acer@DESKTOP-036DG4T MINGW64 ~/desktop/MochilaDoViajem (Taynan_Vitor)
$

Acer@DESKTOP-036DG4T MINGW64 ~/desktop/MochilaDoViajem (Taynan_Vitor)
$ cd desktop
bash: cd: desktop: No such file or directory

Acer@DESKTOP-036DG4T MINGW64 ~/desktop/MochilaDoViajem (Taynan_Vitor)
$ cd Desktop
bash: cd: Desktop: No such file or directory

Acer@DESKTOP-036DG4T MINGW64 ~/desktop/MochilaDoViajem (Taynan_Vitor)
$ cd ...
bash: cd: ...: No such file or directory

Acer@DESKTOP-036DG4T MINGW64 ~/desktop/MochilaDoViajem (Taynan_Vitor)
$ cd ..

Acer@DESKTOP-036DG4T MINGW64 ~/desktop (master)
$ git clone https://github.com/fabrinanunes/dh-ctd.git
Cloning into 'dh-ctd'...
remote: Enumerating objects: 3, done.
remote: Counting objects: 100% (3/3), done.
remote: Compressing objects: 100% (2/2), done.
remote: Total 3 (delta 0), reused 0 (delta 0), pack-reused 0
Receiving objects: 100% (3/3), done.

Acer@DESKTOP-036DG4T MINGW64 ~/desktop (master)
$ cd dh-ctd

Acer@DESKTOP-036DG4T MINGW64 ~/desktop/dh-ctd (main)
$ touch CapivaraAzul.txt CéuMarrom.txt LagoaVermelha.txt

Acer@DESKTOP-036DG4T MINGW64 ~/desktop/dh-ctd (main)
$ git add .

Acer@DESKTOP-036DG4T MINGW64 ~/desktop/dh-ctd (main)
$ git status
On branch main
Your branch is up to date with 'origin/main'.

Changes to be committed:
  (use "git restore --staged <file>..." to unstage)
        new file:   CapivaraAzul.txt
        new file:   "C\303\251uMarrom.txt"
        new file:   LagoaVermelha.txt


Acer@DESKTOP-036DG4T MINGW64 ~/desktop/dh-ctd (main)
$ touch CeuMarrom.txt

Acer@DESKTOP-036DG4T MINGW64 ~/desktop/dh-ctd (main)
$ git add .

Acer@DESKTOP-036DG4T MINGW64 ~/desktop/dh-ctd (main)
$ git status
On branch main
Your branch is up to date with 'origin/main'.

Changes to be committed:
  (use "git restore --staged <file>..." to unstage)
        new file:   CapivaraAzul.txt
        new file:   CeuMarrom.txt
        new file:   LagoaVermelha.txt


Acer@DESKTOP-036DG4T MINGW64 ~/desktop/dh-ctd (main)
$ git status
On branch main
Your branch is up to date with 'origin/main'.

Changes to be committed:
  (use "git restore --staged <file>..." to unstage)
        new file:   CapivaraAzul.txt
        new file:   CeuMarrom.txt
        new file:   LagoaVermelha.txt

Changes not staged for commit:
  (use "git add/rm <file>..." to update what will be committed)
  (use "git restore <file>..." to discard changes in working directory)
        modified:   CapivaraAzul.txt
        deleted:    CeuMarrom.txt
        deleted:    LagoaVermelha.txt

Untracked files:
  (use "git add <file>..." to include in what will be committed)
        CeuVermelho.txt
        RosaMarrom.txt


Acer@DESKTOP-036DG4T MINGW64 ~/desktop/dh-ctd (main)
$ git add .

Acer@DESKTOP-036DG4T MINGW64 ~/desktop/dh-ctd (main)
$ git status
On branch main
Your branch is up to date with 'origin/main'.

Changes to be committed:
  (use "git restore --staged <file>..." to unstage)
        new file:   CapivaraAzul.txt
        new file:   CeuVermelho.txt
        new file:   RosaMarrom.txt


Acer@DESKTOP-036DG4T MINGW64 ~/desktop/dh-ctd (main)
$ git commit -m "Criei Capivaras"
[main 10f49c8] Criei Capivaras
 3 files changed, 3 insertions(+)
 create mode 100644 CapivaraAzul.txt
 create mode 100644 CeuVermelho.txt
 create mode 100644 RosaMarrom.txt

Acer@DESKTOP-036DG4T MINGW64 ~/desktop/dh-ctd (main)
$ git push
Enumerating objects: 6, done.
Counting objects: 100% (6/6), done.
Delta compression using up to 4 threads
Compressing objects: 100% (2/2), done.
Writing objects: 100% (5/5), 420 bytes | 46.00 KiB/s, done.
Total 5 (delta 0), reused 0 (delta 0), pack-reused 0
To https://github.com/fabrinanunes/dh-ctd.git
   ed66b04..10f49c8  main -> main

Acer@DESKTOP-036DG4T MINGW64 ~/desktop/dh-ctd (main)
$ git status
On branch main
Your branch is up to date with 'origin/main'.

nothing to commit, working tree clean

Acer@DESKTOP-036DG4T MINGW64 ~/desktop/dh-ctd (main)
$ git log
commit 10f49c8169f4dea2df09754adca1eda6d976aaa3 (HEAD -> main, origin/main, origin/HEAD)
Author: Taynan <taynanvitorms@hotmail.com>
Date:   Thu Aug 19 20:38:00 2021 -0300

    Criei Capivaras

commit ed66b04fb822fe32977ba658a0aeefb23568776f
Author: Fabrina <84260347+fabrinanunes@users.noreply.github.com>
Date:   Thu Aug 19 20:25:21 2021 -0300

    Create README.md

Acer@DESKTOP-036DG4T MINGW64 ~/desktop/dh-ctd (main)
$
